// Jest Snapshot v1, https://goo.gl/fbAQLP

exports[`Blockscout should get all transactions and label them properly when afterCursor is passed 1`] = `
[
  {
    "block": "90608",
    "fees": [
      {
        "amount": {
          "timestamp": 1566345797000,
          "tokenAddress": "0x0000000000000000000000000000000000dollar",
          "value": "0",
        },
        "type": "GATEWAY_FEE",
      },
      {
        "amount": {
          "timestamp": 1566345797000,
          "tokenAddress": "0x0000000000000000000000000000000000dollar",
          "value": "0.010091957572465625",
        },
        "type": "SECURITY_FEE",
      },
    ],
    "inAmount": {
      "timestamp": 1566345797000,
      "tokenAddress": "0x0000000000000000000000000000000000dollaR",
      "value": "10000000",
    },
    "outAmount": {
      "timestamp": 1566345797000,
      "tokenAddress": "0x000000000000000000000000000000000000golD",
      "value": "1",
    },
    "timestamp": 1566345797000,
    "transactionHash": "0xba620de2d812f299d987155eb5dca7abcfeaf154f5cfd99cb1773452a7df3d7a",
    "type": "EXCHANGE",
  },
  {
    "block": "90637",
    "fees": [
      {
        "amount": {
          "timestamp": 1566345926000,
          "tokenAddress": "0x0000000000000000000000000000000000dollar",
          "value": "0",
        },
        "type": "GATEWAY_FEE",
      },
      {
        "amount": {
          "timestamp": 1566345926000,
          "tokenAddress": "0x0000000000000000000000000000000000dollar",
          "value": "0.01102543453093182",
        },
        "type": "SECURITY_FEE",
      },
    ],
    "inAmount": {
      "timestamp": 1566345926000,
      "tokenAddress": "0x000000000000000000000000000000000000golD",
      "value": "1",
    },
    "outAmount": {
      "timestamp": 1566345926000,
      "tokenAddress": "0x0000000000000000000000000000000000dollaR",
      "value": "10000000",
    },
    "timestamp": 1566345926000,
    "transactionHash": "0x961403536006f9c120c23900f94da59dbf43edf10eb3569b448665483bab77b2",
    "type": "EXCHANGE",
  },
  {
    "account": "0x8b7649116f169d2d2aebb6ea1a77f0baf31f2811",
    "address": "0x8b7649116f169d2d2aebb6ea1a77f0baf31f2811",
    "amount": {
      "timestamp": 1566346276000,
      "tokenAddress": "0x0000000000000000000000000000000000dollaR",
      "value": "-150000",
    },
    "block": "90719",
    "fees": [
      {
        "amount": {
          "timestamp": 1566346276000,
          "tokenAddress": "0x0000000000000000000000000000000000dollar",
          "value": "0.01",
        },
        "type": "GATEWAY_FEE",
      },
      {
        "amount": {
          "timestamp": 1566346276000,
          "tokenAddress": "0x0000000000000000000000000000000000dollar",
          "value": "0.0056589",
        },
        "type": "SECURITY_FEE",
      },
    ],
    "metadata": {
      "comment": "",
      "image": undefined,
      "title": undefined,
    },
    "timestamp": 1566346276000,
    "transactionHash": "0x21dd2c18ae6c80d61ffbddaa073f7cde7bbfe9436fdf5059b506f1686326a2fb",
    "type": "SENT",
  },
  {
    "account": "0xa12a699c641cc875a7ca57495861c79c33d293b4",
    "address": "0xa12a699c641cc875a7ca57495861c79c33d293b4",
    "amount": {
      "timestamp": 1566346336000,
      "tokenAddress": "0x0000000000000000000000000000000000dollaR",
      "value": "-150000",
    },
    "block": "90791",
    "fees": [
      {
        "amount": {
          "timestamp": 1566346336000,
          "tokenAddress": "0x0000000000000000000000000000000000dollar",
          "value": "0.01",
        },
        "type": "GATEWAY_FEE",
      },
      {
        "amount": {
          "timestamp": 1566346336000,
          "tokenAddress": "0x0000000000000000000000000000000000dollar",
          "value": "0.0056589",
        },
        "type": "SECURITY_FEE",
      },
    ],
    "metadata": {
      "comment": "",
      "image": undefined,
      "title": "Test Only Name",
    },
    "timestamp": 1566346336000,
    "transactionHash": "0x21dd2c18ae6c80d61ffbddaa073f7cde7bbfe9436fdf5059b506f1686326a2ff",
    "type": "SENT",
  },
  {
    "account": "0x6a0edf42f5e618bee697e7718fa05efb1ea5d11c",
    "address": "0x6a0edf42f5e618bee697e7718fa05efb1ea5d11c",
    "amount": {
      "timestamp": 1566346396000,
      "tokenAddress": "0x0000000000000000000000000000000000dollaR",
      "value": "-150000",
    },
    "block": "90792",
    "fees": [
      {
        "amount": {
          "timestamp": 1566346396000,
          "tokenAddress": "0x0000000000000000000000000000000000dollar",
          "value": "0.01",
        },
        "type": "GATEWAY_FEE",
      },
      {
        "amount": {
          "timestamp": 1566346396000,
          "tokenAddress": "0x0000000000000000000000000000000000dollar",
          "value": "0.0056589",
        },
        "type": "SECURITY_FEE",
      },
    ],
    "metadata": {
      "comment": "",
      "image": undefined,
      "title": undefined,
    },
    "timestamp": 1566346396000,
    "transactionHash": "0x21dd2c18ae6c80d61ffbddaa073f7cde7bbfe9436fdf5059b506f1686326afff",
    "type": "SENT",
  },
  {
    "account": "0xf4314cb9046bece6aa54bb9533155434d0c76910",
    "address": "0xf4314cb9046bece6aa54bb9533155434d0c76909",
    "amount": {
      "timestamp": 1566479946000,
      "tokenAddress": "0x0000000000000000000000000000000000dollaR",
      "value": "10000000",
    },
    "block": "117453",
    "fees": [],
    "metadata": {
      "comment": "",
      "image": "Test Image",
      "title": "Test Name",
    },
    "timestamp": 1566479946000,
    "transactionHash": "0xe70bf600802bae7a0d42d89d54b8cdb977a8c5a34a239ec73597c7abcab74536",
    "type": "RECEIVED",
  },
  {
    "account": "0xf4314cb9046bece6aa54bb9533155434d0c76910",
    "address": "0xf4314cb9046bece6aa54bb9533155434d0c76909",
    "amount": {
      "timestamp": 1566481000000,
      "tokenAddress": "0x000000000000000000000000000000000000golD",
      "value": "-1",
    },
    "block": "117451",
    "fees": [
      {
        "amount": {
          "timestamp": 1566481000000,
          "tokenAddress": "0x000000000000000000000000000000000000gold",
          "value": "0.00023713",
        },
        "type": "SECURITY_FEE",
      },
    ],
    "metadata": {
      "comment": "",
      "image": "Test Image",
      "title": "Test Name",
    },
    "timestamp": 1566481000000,
    "transactionHash": "0xc6689ed516e8b114e875d682bbf7ba318ea16841711d97ce473f20da289435be",
    "type": "SENT",
  },
  {
    "account": "0xf4314cb9046bece6aa54bb9533155434d0c76909",
    "address": "0xf4314cb9046bece6aa54bb9533155434d0c76909",
    "amount": {
      "timestamp": 1566481060000,
      "tokenAddress": "0x000000000000000000000000000000000000golD",
      "value": "-1",
    },
    "block": "117451",
    "fees": [
      {
        "amount": {
          "timestamp": 1566481060000,
          "tokenAddress": "0x000000000000000000000000000000000000gold",
          "value": "0.00000001",
        },
        "type": "GATEWAY_FEE",
      },
      {
        "amount": {
          "timestamp": 1566481060000,
          "tokenAddress": "0x000000000000000000000000000000000000gold",
          "value": "0.00023713",
        },
        "type": "SECURITY_FEE",
      },
    ],
    "metadata": {
      "comment": "",
      "image": "Test Image",
      "title": "Test Name",
    },
    "timestamp": 1566481060000,
    "transactionHash": "0xc6689ed516e8b114e875d682bbf7ba318ea16841711d97ce473f20da289435bd",
    "type": "SENT",
  },
  {
    "account": "0xf4314cb9046bece6aa54bb9533155434d0c76909",
    "address": "0xf4314cb9046bece6aa54bb9533155434d0c76909",
    "amount": {
      "timestamp": 1566482000000,
      "tokenAddress": "0x000000000000000000000000000000000000golD",
      "value": "10",
    },
    "block": "117451",
    "fees": [],
    "metadata": {
      "comment": "",
      "image": "Test Image",
      "title": "Test Name",
    },
    "timestamp": 1566482000000,
    "transactionHash": "0xe8fe81f455eb34b672a8d8dd091472f1ae8d4d204817f0bcbb7a13486b9b5605",
    "type": "RECEIVED",
  },
  {
    "account": "0x0000000000000000000000000000000000f40c37",
    "address": "0x0000000000000000000000000000000000f40c37",
    "amount": {
      "timestamp": 1566483000000,
      "tokenAddress": "0x000000000000000000000000000000000000golD",
      "value": "5",
    },
    "block": "117451",
    "fees": [],
    "metadata": {
      "comment": "",
      "image": undefined,
      "title": undefined,
    },
    "timestamp": 1566483000000,
    "transactionHash": "0xf6856169eb7bf78211babc312028cddf3dad2761799428ab6e4fcf297a27fe09",
    "type": "RECEIVED",
  },
  {
    "account": "0x0000000000000000000000000000000000a77327",
    "address": "0x0000000000000000000000000000000000a77327",
    "amount": {
      "timestamp": 1566483998000,
      "tokenAddress": "0x0000000000000000000000000000000000dollaR",
      "value": "-118829.058457955309",
    },
    "block": "117451",
    "fees": [
      {
        "amount": {
          "timestamp": 1566483998000,
          "tokenAddress": "0x0000000000000000000000000000000000dollar",
          "value": "0.0005911869963022",
        },
        "type": "SECURITY_FEE",
      },
    ],
    "metadata": {
      "comment": "",
      "image": undefined,
      "title": undefined,
    },
    "timestamp": 1566483998000,
    "transactionHash": "0xf0592e026656f84cc17672fb08f5723deb8426787c2865aa763e859d10e85234",
    "type": "INVITE_SENT",
  },
  {
    "account": "0x0000000000000000000000000000000000a77327",
    "address": "0x0000000000000000000000000000000000a77327",
    "amount": {
      "timestamp": 1618593019000,
      "tokenAddress": "0x0000000000000000000000000000000000dollaR",
      "value": "20000000",
    },
    "block": "6203333",
    "fees": [],
    "metadata": {
      "comment": "",
      "image": undefined,
      "title": undefined,
    },
    "timestamp": 1618593019000,
    "transactionHash": "0x8323ad9ea0961221e146aa086b9cda858acbf7a4058a23061c9e0d52a0e2d9b1",
    "type": "INVITE_RECEIVED",
  },
  {
    "account": "0x0000000000000000000000000000000000a77357",
    "address": "0x0000000000000000000000000000000000a77357",
    "amount": {
      "timestamp": 1618593079000,
      "tokenAddress": "0x0000000000000000000000000000000000dollaR",
      "value": "-200000",
    },
    "block": "117451",
    "fees": [
      {
        "amount": {
          "timestamp": 1618593079000,
          "tokenAddress": "0x0000000000000000000000000000000000dollar",
          "value": "0.00795255",
        },
        "type": "SECURITY_FEE",
      },
    ],
    "metadata": {
      "comment": "",
      "image": undefined,
      "title": undefined,
    },
    "timestamp": 1618593079000,
    "transactionHash": "0xcc2120e5d050fd68284dc01f6464b2ed8f7358ca80fccb20967af28eb7d79160",
    "type": "SENT",
  },
  {
    "account": "0x0000000000000000000000000000000000007E57",
    "address": "0x0000000000000000000000000000000000007E57",
    "amount": {
      "timestamp": 1621185010000,
      "tokenAddress": "0x0000000000000000000000000000000000dollaR",
      "value": "-1000000",
    },
    "block": "1487877",
    "fees": [
      {
        "amount": {
          "timestamp": 1621185010000,
          "tokenAddress": "0x0000000000000000000000000000000000dollar",
          "value": "0.000051519",
        },
        "type": "SECURITY_FEE",
      },
    ],
    "metadata": {
      "comment": "",
      "image": undefined,
      "title": undefined,
    },
    "timestamp": 1621185010000,
    "transactionHash": "0x34e6e74bc01c7112817e669a8057ae7f4c1ed49d8de824bea8ecbdb945b41345",
    "type": "SENT",
  },
]
`;

exports[`Blockscout should get all transactions and label them properly when afterCursor is passed 2`] = `
{
  "endCursor": "YXJyYXljb25uZWN0aW9uOjI",
  "hasNextPage": true,
  "hasPreviousPage": false,
  "startCursor": "YXJyYXljb25uZWN0aW9uOjA=",
}
`;
